
Discarded input sections

 .comment       0x0000000000000000       0x23 main.o
 .note.GNU-stack
                0x0000000000000000        0x0 main.o
 .comment       0x0000000000000000       0x23 print.o
 .note.GNU-stack
                0x0000000000000000        0x0 print.o
 .comment       0x0000000000000000       0x23 mmap.o
 .note.GNU-stack
                0x0000000000000000        0x0 mmap.o
 .comment       0x0000000000000000       0x23 a20.o
 .note.GNU-stack
                0x0000000000000000        0x0 a20.o
 .comment       0x0000000000000000       0x23 alloc.o
 .note.GNU-stack
                0x0000000000000000        0x0 alloc.o
 .comment       0x0000000000000000       0x23 bios_disk.o
 .note.GNU-stack
                0x0000000000000000        0x0 bios_disk.o
 .comment       0x0000000000000000       0x23 mem.o
 .note.GNU-stack
                0x0000000000000000        0x0 mem.o

Memory Configuration

Name             Origin             Length             Attributes
*default*        0x0000000000000000 0xffffffffffffffff

Linker script and memory map

                0x0000000000000000                . = 0x0

.sig            0x0000000000000000        0xc
                0x0000000000000000        0x2 SHORT 0x6853
                0x0000000000000002        0x2 SHORT 0x766f
                0x0000000000000004        0x2 SHORT 0x7453
                0x0000000000000006        0x2 SHORT 0x6761
                0x0000000000000008        0x2 SHORT 0x3165
                0x000000000000000a        0x2 SHORT 0x352e
                0x0000000000000100                . = 0x100

.text           0x0000000000000100      0x997
                0x0000000000000100                _text_start = .
 *(.text)
 .text          0x0000000000000100       0x11 entry.o
                0x0000000000000100                main
 *fill*         0x0000000000000111        0x3 00
 .text          0x0000000000000114       0x51 main.o
                0x0000000000000114                halt
                0x000000000000012a                cmain
 *fill*         0x0000000000000165        0x3 00
 .text          0x0000000000000168      0x367 print.o
                0x00000000000001db                cls
                0x000000000000020c                putc
                0x0000000000000269                putndecu
                0x00000000000002eb                putndec
                0x000000000000031f                putnhex
                0x0000000000000371                puts
                0x00000000000003b0                printf
 *fill*         0x00000000000004cf        0x1 00
 .text          0x00000000000004d0      0x120 mmap.o
                0x0000000000000523                read_mmap
 .text          0x00000000000005f0      0x124 a20.o
                0x000000000000063a                check_a20_line
                0x00000000000006a8                enable_a20_line
 .text          0x0000000000000714       0x9c alloc.o
                0x0000000000000714                malloc
                0x000000000000077a                setup_heap
 .text          0x00000000000007b0      0x284 bios_disk.o
                0x00000000000007f5                disk_read_sector
                0x0000000000000866                bytes_per_sector
                0x00000000000008c4                disk_read
 .text          0x0000000000000a34       0x63 mem.o
                0x0000000000000a34                memcpy
                0x0000000000000a73                memset
                0x0000000000000a97                _text_end = .

.rodata.str1.1  0x0000000000000a97      0x101
 .rodata.str1.1
                0x0000000000000a97       0x1f main.o
 .rodata.str1.1
                0x0000000000000ab6       0x8b mmap.o
 .rodata.str1.1
                0x0000000000000b41       0x4b a20.o
 .rodata.str1.1
                0x0000000000000b8c        0xc alloc.o

.data           0x0000000000000b98       0x4c
                0x0000000000000b98                _data_start = .
 *(.bss)
 .bss           0x0000000000000b98        0x0 entry.o
 .bss           0x0000000000000b98        0x0 main.o
 .bss           0x0000000000000b98        0x2 print.o
 *fill*         0x0000000000000b9a        0x2 00
 .bss           0x0000000000000b9c        0x8 mmap.o
                0x0000000000000b9c                mem
 .bss           0x0000000000000ba4        0x0 a20.o
 .bss           0x0000000000000ba4        0x4 alloc.o
 .bss           0x0000000000000ba8       0x10 bios_disk.o
 .bss           0x0000000000000bb8        0x0 mem.o
 *(.bss*)
 *(.data)
 .data          0x0000000000000bb8        0x0 entry.o
 .data          0x0000000000000bb8        0x0 main.o
 .data          0x0000000000000bb8        0x0 print.o
 .data          0x0000000000000bb8        0x0 mmap.o
 .data          0x0000000000000bb8        0x0 a20.o
 .data          0x0000000000000bb8        0x0 alloc.o
 .data          0x0000000000000bb8        0x0 bios_disk.o
 .data          0x0000000000000bb8        0x0 mem.o
 *(.rodata)
 .rodata        0x0000000000000bb8       0x11 print.o
 *fill*         0x0000000000000bc9        0x3 00
 .rodata        0x0000000000000bcc       0x18 mmap.o
 *(.COMMON)
                0x0000000000000be4                _data_end = .

.heap           0x0000000000000be4        0x4
                0x0000000000000be4                _heap_start = .
                0x0000000000000be4        0x2 SHORT 0xbe4 .
                0x0000000000000be6        0x2 SHORT 0x0

/DISCARD/
 *(.note*)
 *(.iplt*)
 *(.igot*)
 *(.rel*)
 *(.comment)
LOAD entry.o
LOAD main.o
LOAD print.o
LOAD mmap.o
LOAD a20.o
LOAD alloc.o
LOAD bios_disk.o
LOAD mem.o
OUTPUT(stage1.5.elf elf32-i386)
